Archive member included because of file (symbol)

C:\fehqt\Proteus/EWL/lib/armv7e-m\libc.a(sprintf.o)
                              Libraries\FEHLCD.o (sprintf)
C:\fehqt\Proteus/EWL/lib/armv7e-m\libc.a(vsnprintf.o)
                              C:\fehqt\Proteus/EWL/lib/armv7e-m\libc.a(sprintf.o) (vsnprintf)
C:\fehqt\Proteus/EWL/lib/armv7e-m\libc.a(exit.o)
                              Startup\__arm_start.o (exit)
C:\fehqt\Proteus/EWL/lib/armv7e-m\libc.a(memcpy.o)
                              C:\fehqt\Proteus/EWL/lib/armv7e-m\libc.a(vsnprintf.o) (memcpy)
C:\fehqt\Proteus/EWL/lib/armv7e-m\libc.a(memset.o)
                              Startup\__arm_start.o (memset)
C:\fehqt\Proteus/EWL/lib/armv7e-m\libc.a(strcmp.o)
                              Libraries\FEHLCD.o (strcmp)
C:\fehqt\Proteus/EWL/lib/armv7e-m\libc.a(strcpy.o)
                              Libraries\FEHLCD.o (strcpy)
C:\fehqt\Proteus/EWL/lib/armv7e-m\libc.a(strlen.o)
                              Libraries\FEHLCD.o (strlen)
C:\fehqt\Proteus/EWL/lib/armv7e-m\libc.a(printformat_.o)
                              (__pformatter_)
C:\fehqt\Proteus/EWL/lib/armv7e-m\libc.a(scanformat_.o)
                              (__sformatter)
C:\fehqt\Proteus/EWL/lib/armv7e-m\libc.a(ctype_aeabi.o)
                              C:\fehqt\Proteus/EWL/lib/armv7e-m\libc.a(scanformat_.o) (isspace)
C:\fehqt\Proteus/EWL/lib/armv7e-m\libc.a(__strtoul.o)
                              C:\fehqt\Proteus/EWL/lib/armv7e-m\libc.a(scanformat_.o) (__strtoul)
C:\fehqt\Proteus/EWL/lib/armv7e-m\libc.a(__filll_mem.o)
                              C:\fehqt\Proteus/EWL/lib/armv7e-m\libc.a(memset.o) (__fill_mem)
C:\fehqt\Proteus/EWL/lib/armv7e-m\libc.a(memchr.o)
                              C:\fehqt\Proteus/EWL/lib/armv7e-m\libc.a(printformat_.o) (memchr)
C:\fehqt\Proteus/EWL/lib/armv7e-m\libc.a(strchr.o)
                              C:\fehqt\Proteus/EWL/lib/armv7e-m\libc.a(printformat_.o) (strchr)
c:/fehqt/proteus/gcc/bin/../lib/gcc/arm-none-eabi/4.6.2/armv7e-m\libgcc.a(_arm_addsubdf3.o)
                              Libraries\FEHLCD.o (__aeabi_dsub)
c:/fehqt/proteus/gcc/bin/../lib/gcc/arm-none-eabi/4.6.2/armv7e-m\libgcc.a(_arm_muldivdf3.o)
                              Libraries\FEHMotor.o (__aeabi_dmul)
c:/fehqt/proteus/gcc/bin/../lib/gcc/arm-none-eabi/4.6.2/armv7e-m\libgcc.a(_arm_cmpdf2.o)
                              ..\sensormethods.o (__aeabi_dcmplt)
c:/fehqt/proteus/gcc/bin/../lib/gcc/arm-none-eabi/4.6.2/armv7e-m\libgcc.a(_arm_fixdfsi.o)
                              Libraries\FEHMotor.o (__aeabi_d2iz)
c:/fehqt/proteus/gcc/bin/../lib/gcc/arm-none-eabi/4.6.2/armv7e-m\libgcc.a(_arm_fixunsdfsi.o)
                              Libraries\FEHUtility.o (__aeabi_d2uiz)
c:/fehqt/proteus/gcc/bin/../lib/gcc/arm-none-eabi/4.6.2/armv7e-m\libgcc.a(_arm_truncdfsf2.o)
                              Libraries\FEHMotor.o (__aeabi_d2f)
c:/fehqt/proteus/gcc/bin/../lib/gcc/arm-none-eabi/4.6.2/armv7e-m\libgcc.a(_arm_addsubsf3.o)
                              Libraries\FEHLCD.o (__aeabi_fsub)
c:/fehqt/proteus/gcc/bin/../lib/gcc/arm-none-eabi/4.6.2/armv7e-m\libgcc.a(_arm_muldivsf3.o)
                              Drivers\mcg.o (__aeabi_fmul)
c:/fehqt/proteus/gcc/bin/../lib/gcc/arm-none-eabi/4.6.2/armv7e-m\libgcc.a(_arm_cmpsf2.o)
                              Libraries\FEHServo.o (__aeabi_fcmpeq)
c:/fehqt/proteus/gcc/bin/../lib/gcc/arm-none-eabi/4.6.2/armv7e-m\libgcc.a(_arm_fixsfsi.o)
                              Libraries\FEHLCD.o (__aeabi_f2iz)
c:/fehqt/proteus/gcc/bin/../lib/gcc/arm-none-eabi/4.6.2/armv7e-m\libgcc.a(_arm_fixunssfsi.o)
                              Drivers\mcg.o (__aeabi_f2uiz)
C:\fehqt\Proteus/EWL/lib/armv7e-m\librt.a(gcc_ctor_dtor.o)
                              Startup\__arm_start.o (__init_cpp)
C:\fehqt\Proteus/EWL/lib/armv7e-m\librt.a(ROMCopy.o)
                              Startup\__arm_start.o (__copy_rom_sections_to_ram)
C:\fehqt\Proteus/EWL/lib/armv7e-m\librt.a(__arm_eabi_init.o)
                              C:\fehqt\Proteus/EWL/lib/armv7e-m\libc.a(exit.o) (__destroy_global_chain)
C:\fehqt\Proteus/EWL/lib/armv7e-m\librt.a(New.o)
                              Libraries\FEHIO.o (operator new(unsigned int))
c:/fehqt/proteus/gcc/bin/../lib/gcc/arm-none-eabi/4.6.2/../../../../arm-none-eabi/lib/armv7e-m\libsupc++.a(class_type_info.o)
                              C:\fehqt\Proteus/EWL/lib/armv7e-m\librt.a(New.o) (vtable for __cxxabiv1::__class_type_info)
c:/fehqt/proteus/gcc/bin/../lib/gcc/arm-none-eabi/4.6.2/../../../../arm-none-eabi/lib/armv7e-m\libsupc++.a(eh_alloc.o)
                              C:\fehqt\Proteus/EWL/lib/armv7e-m\librt.a(New.o) (__cxa_allocate_exception)
c:/fehqt/proteus/gcc/bin/../lib/gcc/arm-none-eabi/4.6.2/../../../../arm-none-eabi/lib/armv7e-m\libsupc++.a(eh_arm.o)
                              C:\fehqt\Proteus/EWL/lib/armv7e-m\librt.a(New.o) (__cxa_end_cleanup)
[...]
Memory Configuration

Name             Origin             Length             Attributes
m_interrupts     0x0000c000         0x00000400         xr
m_cfmprotrom     0x0000c400         0x00000010         xr
m_text           0x0000c410         0x00073bf0         xr
m_data           0x1fff0400         0x0000fc00         xrw
m_data2          0x20000000         0x00010000         xrw
*default*        0x00000000         0xffffffff

Linker script and memory map

LOAD ..\utilitymethods.o
LOAD ..\sensormethods.o
LOAD ..\motormethods.o
LOAD ..\main.o
LOAD Startup\__arm_start.o
LOAD Startup\__arm_end.o
LOAD Startup\kinetis_sysinit.o
LOAD Libraries\FEHMotor.o
LOAD Drivers\mcg.o
LOAD Drivers\i2c.o
LOAD Drivers\spi.o
LOAD Drivers\uart.o
LOAD Drivers\ff.o
LOAD Drivers\SDHC.o
LOAD Drivers\lptmr.o
LOAD FEHProteus.o
LOAD Drivers\FEHPropeller.o
LOAD Libraries\FEHUtility.o
LOAD Libraries\FEHIO.o
LOAD Drivers\adc16.o
LOAD Libraries\FEHBuzzer.o
LOAD Libraries\FEHServo.o
LOAD Libraries\FEHLCD.o
LOAD Libraries\FEHAccel.o
LOAD Libraries\FEHBattery.o
LOAD Drivers\FEHXBee.o
LOAD Libraries\FEHRPS.o
LOAD Libraries\FEHSD.o
                0x00012f64                __pformatter = __pformatter_
                [0x0001335c]                __sformatter = __sformatter
LOAD C:\fehqt\Proteus/EWL/lib/armv7e-m\libstdc++.a
LOAD C:\fehqt\Proteus/EWL/lib/armv7e-m\libm.a
START GROUP
LOAD C:\fehqt\Proteus/EWL/lib/armv7e-m\libc.a
LOAD C:\fehqt\Proteus/EWL/lib/armv7e-m\libc++.a
LOAD C:\fehqt\Proteus/EWL/lib/armv7e-m\libm.a
LOAD c:/fehqt/proteus/gcc/bin/../lib/gcc/arm-none-eabi/4.6.2/armv7e-m\libgcc.a
LOAD C:\fehqt\Proteus/EWL/lib/armv7e-m\librt.a
LOAD c:/fehqt/proteus/gcc/bin/../lib/gcc/arm-none-eabi/4.6.2/../../../../arm-none-eabi/lib/armv7e-m\libsupc++.a
END GROUP
                0x20000000                _estack = 0x20000000
                0x20000000                __SP_INIT = _estack
                0x00000800                __heap_size = 0x800
                0x00000800                __stack_size = 0x800

.interrupts     0x0000c000      0x1e0
                0x0000c000                __vector_table = .
                0x0000c000                . = ALIGN (0x4)
 *(.vectortable)
 .vectortable   0x0000c000      0x1e0 Startup\kinetis_sysinit.o
                0x0000c1e0                . = ALIGN (0x4)

.cfmprotect     0x0000c400        0x0
                0x0000c400                . = ALIGN (0x4)
 *(.cfmconfig)
                0x0000c400                . = ALIGN (0x4)

.text           0x0000c410     0x7e04
                0x0000c410                . = ALIGN (0x4)
 *(.text)
 .text          0x0000c410      0x370 c:/fehqt/proteus/gcc/bin/../lib/gcc/arm-none-eabi/4.6.2/armv7e-m\libgcc.a(_arm_addsubdf3.o)
                0x0000c410                __aeabi_drsub
                0x0000c418                __aeabi_dsub
                0x0000c418                __subdf3
                0x0000c41c                __aeabi_dadd
                0x0000c41c                __adddf3
                0x0000c694                __floatunsidf
                0x0000c694                __aeabi_ui2d
                0x0000c6b4                __floatsidf
                0x0000c6b4                __aeabi_i2d
                0x0000c6d8                __aeabi_f2d
                0x0000c6d8                __extendsfdf2
                0x0000c714                __floatundidf
                0x0000c714                __aeabi_ul2d
                0x0000c724                __floatdidf
                0x0000c724                __aeabi_l2d
 .text          0x0000c780      0x424 c:/fehqt/proteus/gcc/bin/../lib/gcc/arm-none-eabi/4.6.2/armv7e-m\libgcc.a(_arm_muldivdf3.o)
                0x0000c780                __aeabi_dmul
                0x0000c780                __muldf3
                0x0000c9d4                __divdf3
                0x0000c9d4                __aeabi_ddiv
 .text          0x0000cba4       0x50 c:/fehqt/proteus/gcc/bin/../lib/gcc/arm-none-eabi/4.6.2/armv7e-m\libgcc.a(_arm_fixdfsi.o)
                0x0000cba4                __aeabi_d2iz
                0x0000cba4                __fixdfsi
 .text          0x0000cbf4       0x40 c:/fehqt/proteus/gcc/bin/../lib/gcc/arm-none-eabi/4.6.2/armv7e-m\libgcc.a(_arm_fixunsdfsi.o)
                0x0000cbf4                __aeabi_d2uiz
                0x0000cbf4                __fixunsdfsi
 .text          0x0000cc34       0xa0 c:/fehqt/proteus/gcc/bin/../lib/gcc/arm-none-eabi/4.6.2/armv7e-m\libgcc.a(_arm_truncdfsf2.o)
                0x0000cc34                __truncdfsf2
                0x0000cc34                __aeabi_d2f
 .text          0x0000ccd4      0x21c c:/fehqt/proteus/gcc/bin/../lib/gcc/arm-none-eabi/4.6.2/armv7e-m\libgcc.a(_arm_addsubsf3.o)
                0x0000ccd4                __aeabi_frsub
                0x0000ccdc                __subsf3
                0x0000ccdc                __aeabi_fsub
                0x0000cce0                __aeabi_fadd
                0x0000cce0                __addsf3
                0x0000ce40                __aeabi_ui2f
                0x0000ce40                __floatunsisf
                0x0000ce48                __aeabi_i2f
                0x0000ce48                __floatsisf
                0x0000ce64                __aeabi_ul2f
                0x0000ce64                __floatundisf
                0x0000ce74                __aeabi_l2f
                0x0000ce74                __floatdisf
 .text          0x0000cef0      0x2a0 c:/fehqt/proteus/gcc/bin/../lib/gcc/arm-none-eabi/4.6.2/armv7e-m\libgcc.a(_arm_muldivsf3.o)
                0x0000cef0                __mulsf3
                0x0000cef0                __aeabi_fmul
                0x0000d058                __aeabi_fdiv
                0x0000d058                __divsf3
 .text          0x0000d190       0xec c:/fehqt/proteus/gcc/bin/../lib/gcc/arm-none-eabi/4.6.2/armv7e-m\libgcc.a(_arm_cmpsf2.o)
                0x0000d190                __gesf2
                0x0000d190                __gtsf2
                0x0000d198                __lesf2
                0x0000d198                __ltsf2
                0x0000d1a0                __nesf2
                0x0000d1a0                __eqsf2
                0x0000d1a0                __cmpsf2
                0x0000d200                __aeabi_cfrcmple
                0x0000d208                __aeabi_cfcmpeq
                0x0000d208                __aeabi_cfcmple
                0x0000d218                __aeabi_fcmpeq
                0x0000d22c                __aeabi_fcmplt
                0x0000d240                __aeabi_fcmple
                0x0000d254                __aeabi_fcmpge
                0x0000d268                __aeabi_fcmpgt
 *(.text*)
 .text._Z14IsFrontPressedv
                0x0000d27c        0xc ..\sensormethods.o
                0x0000d27c                IsFrontPressed()
 .text._Z41__static_initialization_and_destruction_0ii
                0x0000d288       0x34 ..\sensormethods.o
 .text._GLOBAL__sub_I_CdSCell
                0x0000d2bc       0x14 ..\sensormethods.o
 .text._Z12DriveForwardi
                0x0000d2d0       0x5c ..\motormethods.o
                0x0000d2d0                DriveForward(int)
 .text._Z41__static_initialization_and_destruction_0ii
                0x0000d32c       0x4c ..\motormethods.o
 .text._GLOBAL__sub_I_driveMotorLeft
                0x0000d378       0x14 ..\motormethods.o
 .text.main     0x0000d38c       0x28 ..\main.o
                0x0000d38c                main
 .text.zero_fill_bss
                0x0000d3b4       0x34 Startup\__arm_start.o
 .text.__thumb_startup
                0x0000d3e8       0x34 Startup\__arm_start.o
                0x0000d3e8                __thumb_startup
 .text.InitFEHProteus
                0x0000d41c      0x15c Startup\__arm_start.o
                0x0000d41c                InitFEHProteus
 .text.pll_init_bl
                0x0000d578      0x130 Startup\__arm_start.o
 .text.InitPowerButton
                0x0000d6a8       0x90 Startup\__arm_start.o
                0x0000d6a8                InitPowerButton
 .text._ExitProcess
                0x0000d738        0xc Startup\__arm_end.o
                0x0000d738                _ExitProcess
 .text.Default_Handler
                0x0000d744        0xc Startup\kinetis_sysinit.o
                0x0000d744                BusFault_Handler()
                0x0000d744                HardFault_Handler()
                0x0000d744                SysTick_Handler()
                0x0000d744                PendSV_Handler()
                0x0000d744                DebugMonitor_Handler()
                0x0000d744                MemManage_Handler()
                0x0000d744                NMI_Handler()
                0x0000d744                SVC_Handler()
                0x0000d744                Default_Handler
                0x0000d744                UsageFault_Handler()
 .text.__init_hardware
                0x0000d750       0x44 Startup\kinetis_sysinit.o
                0x0000d750                __init_hardware
 .text._Z8PortDISRv
                0x0000d794       0x64 Startup\kinetis_sysinit.o
                0x0000d794                PortDISR()
 .text._ZN8FEHMotorC2ENS_12FEHMotorPortEf
                0x0000d7f8       0xb0 Libraries\FEHMotor.o
                0x0000d7f8                FEHMotor::FEHMotor(FEHMotor::FEHMotorPort, float)
                0x0000d7f8                FEHMotor::FEHMotor(FEHMotor::FEHMotorPort, float)
 .text._ZN8FEHMotor4StopEv
                0x0000d8a8       0x3c Libraries\FEHMotor.o
                0x0000d8a8                FEHMotor::Stop()
 .text._ZN8FEHMotor8SetPowerEi
                0x0000d8e4       0x60 Libraries\FEHMotor.o
                0x0000d8e4                FEHMotor::SetPower(int)
 *fill*         0x0000d944        0x4 00
 .text._ZN8FEHMotor10SetPercentEf
                0x0000d948      0x158 Libraries\FEHMotor.o
                0x0000d948                FEHMotor::SetPercent(float)
 .text._Z21IIC_StartTransmissionhh
                0x0000daa0       0x98 Drivers\i2c.o
                0x0000daa0                IIC_StartTransmission(unsigned char, unsigned char)
 .text._Z5Pausev
                0x0000db38       0x34 Drivers\i2c.o
                0x0000db38                Pause()
 .text._Z21MMA8451QWriteRegisterhh
                0x0000db6c      0x12c Drivers\i2c.o
                0x0000db6c                MMA8451QWriteRegister(unsigned char, unsigned char)
 .text._Z12SPI_SendCharh
                0x0000dc98       0x1c Drivers\spi.o
                0x0000dc98                SPI_SendChar(unsigned char)
 .text._Z16SPI_WriteCommandhh
                0x0000dcb4       0x34 Drivers\spi.o
                0x0000dcb4                SPI_WriteCommand(unsigned char, unsigned char)
 .text._Z13SPI_CS_Assertv
                0x0000dce8       0x24 Drivers\spi.o
                0x0000dce8                SPI_CS_Assert()
 .text._Z15SPI_CS_Deassertv
                0x0000dd0c       0x24 Drivers\spi.o
                0x0000dd0c                SPI_CS_Deassert()
 .text._Z12SPI_Transferh
                0x0000dd30       0x88 Drivers\spi.o
                0x0000dd30                SPI_Transfer(unsigned char)
 .text._Z8SPI_Initv
                0x0000ddb8       0xe8 Drivers\spi.o
                0x0000ddb8                SPI_Init()
 .text._Z9uart_initPV11UART_MemMapii
                0x0000dea0      0x20c Drivers\uart.o
                0x0000dea0                uart_init(UART_MemMap volatile*, int, int)
 .text._Z12uart_getcharPV11UART_MemMap
                0x0000e0ac       0x34 Drivers\uart.o
                0x0000e0ac                uart_getchar(UART_MemMap volatile*)
 .text._Z12uart_putcharPV11UART_MemMapc
                0x0000e0e0       0x38 Drivers\uart.o
                0x0000e0e0                uart_putchar(UART_MemMap volatile*, char)
 .text._ZL7mem_setPvij
                0x0000e118       0x44 Drivers\ff.o
 .text._ZL11move_windowP5FATFSm
                0x0000e15c       0xf0 Drivers\ff.o
 .text._ZL4syncP5FATFS
                0x0000e24c      0x188 Drivers\ff.o
 .text._ZL8validateP5FATFSt
                0x0000e3d4       0x54 Drivers\ff.o
 .text._Z6f_syncP3FIL
                0x0000e428      0x1c0 Drivers\ff.o
                0x0000e428                f_sync(FIL*)
 .text._Z7f_closeP3FIL
                0x0000e5e8       0x2c Drivers\ff.o
                0x0000e5e8                f_close(FIL*)
 .text._ZL17SDHC_set_baudratemm
                0x0000e614      0x14c Drivers\SDHC.o
 .text._Z9SDHC_initP17esdhc_info_structPK17esdhc_init_struct
                0x0000e760      0x1c4 Drivers\SDHC.o
                0x0000e760                SDHC_init(esdhc_info_struct*, esdhc_init_struct const*)
 .text._ZL15SDHC_is_runningv
                0x0000e924       0x28 Drivers\SDHC.o
 .text._ZL16SDHC_status_waitm
                0x0000e94c       0x38 Drivers\SDHC.o
 .text._ZL17SDHC_send_commandP20esdhc_command_struct
                0x0000e984      0x2a0 Drivers\SDHC.o
 .text._Z10SDHC_ioctlmPv
                0x0000ec24      0x978 Drivers\SDHC.o
                0x0000ec24                SDHC_ioctl(unsigned long, void*)
 .text._ZL14rcvr_datablockPhm
                0x0000f59c      0x134 Drivers\SDHC.o
 .text._Z9disk_readhPhmh
                0x0000f6d0      0x13c Drivers\SDHC.o
                0x0000f6d0                disk_read(unsigned char, unsigned char*, unsigned long, unsigned char)
 .text._ZL14xmit_datablockPKhm
                0x0000f80c       0xe0 Drivers\SDHC.o
 .text._Z10disk_writehPKhmh
                0x0000f8ec      0x1cc Drivers\SDHC.o
                0x0000f8ec                disk_write(unsigned char, unsigned char const*, unsigned long, unsigned char)
 .text._Z10disk_ioctlhhPv
                0x0000fab8      0x128 Drivers\SDHC.o
                0x0000fab8                disk_ioctl(unsigned char, unsigned char, void*)
 .text._Z11disk_statush
                0x0000fbe0       0x30 Drivers\SDHC.o
                0x0000fbe0                disk_status(unsigned char)
 .text._Z13time_delay_msm
                0x0000fc10       0xa4 Drivers\lptmr.o
                0x0000fc10                time_delay_ms(unsigned long)
 .text._Z41__static_initialization_and_destruction_0ii
                0x0000fcb4       0x30 FEHProteus.o
 .text._GLOBAL__sub_I_Propeller
                0x0000fce4       0x14 FEHProteus.o
 .text._ZN12FEHPropellerC2Ev
                0x0000fcf8       0x20 Drivers\FEHPropeller.o
                0x0000fcf8                FEHPropeller::FEHPropeller()
                0x0000fcf8                FEHPropeller::FEHPropeller()
 .text._ZN12FEHPropeller10InitializeEv
                0x0000fd18       0x94 Drivers\FEHPropeller.o
                0x0000fd18                FEHPropeller::Initialize()
 .text._ZN12FEHPropeller12SetMotorRateEhhh
                0x0000fdac       0x78 Drivers\FEHPropeller.o
                0x0000fdac                FEHPropeller::SetMotorRate(unsigned char, unsigned char, unsigned char)
 .text._ZL5Delaymjj
                0x0000fe24       0xc4 Libraries\FEHUtility.o
 .text._Z5Sleepi
                0x0000fee8       0x34 Libraries\FEHUtility.o
                0x0000fee8                Sleep(int)
 *fill*         0x0000ff1c        0x4 00
 .text._Z5Sleepd
                0x0000ff20       0x58 Libraries\FEHUtility.o
                0x0000ff20                Sleep(double)
 .text._Z9portB_isrv
                0x0000ff78       0xd4 Libraries\FEHIO.o
                0x0000ff78                portB_isr()
 .text._Z9portC_isrv
                0x0001004c       0xd8 Libraries\FEHIO.o
                0x0001004c                portC_isr()
 .text._Z9portA_isrv
                0x00010124       0xd8 Libraries\FEHIO.o
                0x00010124                portA_isr()
 .text._Z9portE_isrv
                0x000101fc       0xd0 Libraries\FEHIO.o
                0x000101fc                portE_isr()
 .text._ZN14AnalogInputPinC2EN5FEHIO8FEHIOPinE
                0x000102cc       0x20 Libraries\FEHIO.o
                0x000102cc                AnalogInputPin::AnalogInputPin(FEHIO::FEHIOPin)
                0x000102cc                AnalogInputPin::AnalogInputPin(FEHIO::FEHIOPin)
 .text._ZN13AnalogEncoder12EncoderValueEv
                0x000102ec       0xe4 Libraries\FEHIO.o
                0x000102ec                AnalogEncoder::EncoderValue()
 .text._ZN14AnalogInputPin8InitADCsEv
                0x000103d0      0x120 Libraries\FEHIO.o
                0x000103d0                AnalogInputPin::InitADCs()
 .text._Z8pit0_isrv
                0x000104f0       0x34 Libraries\FEHIO.o
                0x000104f0                pit0_isr()
 .text._ZN13AnalogEncoder4InitEv
                0x00010524       0x64 Libraries\FEHIO.o
                0x00010524                AnalogEncoder::Init()
 .text._ZN13AnalogEncoder14SetCounterInitEj
                0x00010588       0x20 Libraries\FEHIO.o
                0x00010588                AnalogEncoder::SetCounterInit(unsigned int)
 .text._ZN13AnalogEncoder10ProcessIntEv
                0x000105a8       0x80 Libraries\FEHIO.o
                0x000105a8                AnalogEncoder::ProcessInt()
 .text._ZN13AnalogEncoder14ProcessIntSelfEv
                0x00010628       0x80 Libraries\FEHIO.o
                0x00010628                AnalogEncoder::ProcessIntSelf()
 .text._Z7ADC_CalPV10ADC_MemMap
                0x000106a8      0x14c Drivers\adc16.o
                0x000106a8                ADC_Cal(ADC_MemMap volatile*)
 .text._Z14ADC_Config_AltPV10ADC_MemMapP7adc_cfg
                0x000107f4       0x6c Drivers\adc16.o
                0x000107f4                ADC_Config_Alt(ADC_MemMap volatile*, adc_cfg*)
 .text._ZN9FEHBuzzerC2Ev
                0x00010860       0x18 Libraries\FEHBuzzer.o
                0x00010860                FEHBuzzer::FEHBuzzer()
                0x00010860                FEHBuzzer::FEHBuzzer()
 .text._Z41__static_initialization_and_destruction_0ii
                0x00010878       0x30 Libraries\FEHBuzzer.o
 .text._GLOBAL__sub_I_Buzzer
                0x000108a8       0x14 Libraries\FEHBuzzer.o
 .text._ZN6FEHLCD11_InitializeEv
                0x000108bc      0x5dc Libraries\FEHLCD.o
                0x000108bc                FEHLCD::_Initialize()
 .text._ZN6FEHLCDC2Ev
                0x00010e98       0x64 Libraries\FEHLCD.o
                0x00010e98                FEHLCD::FEHLCD()
                0x00010e98                FEHLCD::FEHLCD()
 .text._ZN6FEHLCD10InitializeEv
                0x00010efc       0x38 Libraries\FEHLCD.o
                0x00010efc                FEHLCD::Initialize()
 .text._ZN6FEHLCD10PrintImageEii
                0x00010f34      0x100 Libraries\FEHLCD.o
                0x00010f34                FEHLCD::PrintImage(int, int)
 .text._ZN6FEHLCD9PrintLogoEii
                0x00011034      0x100 Libraries\FEHLCD.o
                0x00011034                FEHLCD::PrintLogo(int, int)
 .text._ZN6FEHLCD22ConvertFEHColorTo24BitENS_11FEHLCDColorE
                0x00011134       0x80 Libraries\FEHLCD.o
                0x00011134                FEHLCD::ConvertFEHColorTo24Bit(FEHLCD::FEHLCDColor)
 .text._ZN6FEHLCD24Convert24BitColorTo16BitEj
                0x000111b4       0x40 Libraries\FEHLCD.o
                0x000111b4                FEHLCD::Convert24BitColorTo16Bit(unsigned int)
 .text._ZN6FEHLCD22ConvertRGBColorTo16BitEhhh
                0x000111f4       0x44 Libraries\FEHLCD.o
                0x000111f4                FEHLCD::ConvertRGBColorTo16Bit(unsigned char, unsigned char, unsigned char)
 .text._ZN6FEHLCD5ClearENS_11FEHLCDColorE
                0x00011238       0x28 Libraries\FEHLCD.o
                0x00011238                FEHLCD::Clear(FEHLCD::FEHLCDColor)
 .text._ZN6FEHLCD5ClearEj
                0x00011260       0x2c Libraries\FEHLCD.o
                0x00011260                FEHLCD::Clear(unsigned int)
 .text._ZN6FEHLCD18SetBackgroundColorENS_11FEHLCDColorE
                0x0001128c       0x28 Libraries\FEHLCD.o
                0x0001128c                FEHLCD::SetBackgroundColor(FEHLCD::FEHLCDColor)
 .text._ZN6FEHLCD18SetBackgroundColorEj
                0x000112b4       0x28 Libraries\FEHLCD.o
                0x000112b4                FEHLCD::SetBackgroundColor(unsigned int)
 .text._ZN6FEHLCD12SetFontColorENS_11FEHLCDColorE
                0x000112dc       0x28 Libraries\FEHLCD.o
                0x000112dc                FEHLCD::SetFontColor(FEHLCD::FEHLCDColor)
 .text._ZN6FEHLCD12SetFontColorEj
                0x00011304       0x28 Libraries\FEHLCD.o
                0x00011304                FEHLCD::SetFontColor(unsigned int)
 .text._ZN6FEHLCD7WriteAtEPKcii
                0x0001132c       0x58 Libraries\FEHLCD.o
                0x0001132c                FEHLCD::WriteAt(char const*, int, int)
 .text._ZN6FEHLCD11TS_SPI_InitEv
                0x00011384       0xa8 Libraries\FEHLCD.o
                0x00011384                FEHLCD::TS_SPI_Init()
 .text._ZN6FEHLCD10WriteIndexEh
                0x0001142c      0x288 Libraries\FEHLCD.o
                0x0001142c                FEHLCD::WriteIndex(unsigned char)
 .text._ZN6FEHLCD14WriteParameterEh
                0x000116b4      0x254 Libraries\FEHLCD.o
                0x000116b4                FEHLCD::WriteParameter(unsigned char)
 .text._ZN6FEHLCD6_ClearEv
                0x00011908      0x228 Libraries\FEHLCD.o
                0x00011908                FEHLCD::_Clear()
 .text._ZN6FEHLCD8NextLineEv
                0x00011b30       0x30 Libraries\FEHLCD.o
                0x00011b30                FEHLCD::NextLine()
 .text._ZN6FEHLCD9CheckLineEv
                0x00011b60       0x2c Libraries\FEHLCD.o
                0x00011b60                FEHLCD::CheckLine()
 .text._ZN6FEHLCD13SetDrawRegionEiiii
                0x00011b8c      0x10c Libraries\FEHLCD.o
                0x00011b8c                FEHLCD::SetDrawRegion(int, int, int, int)
 .text._ZN6FEHLCD11WriteCharAtEiic
                0x00011c98      0x278 Libraries\FEHLCD.o
                0x00011c98                FEHLCD::WriteCharAt(int, int, char)
 .text._ZN6FEHLCD11RepeatColorEv
                0x00011f10       0xbc Libraries\FEHLCD.o
                0x00011f10                FEHLCD::RepeatColor()
 .text._ZN6FEHLCD10_ForePixelEv
                0x00011fcc      0x160 Libraries\FEHLCD.o
                0x00011fcc                FEHLCD::_ForePixel()
 .text._ZN6FEHLCD10_BackPixelEv
                0x0001212c      0x160 Libraries\FEHLCD.o
                0x0001212c                FEHLCD::_BackPixel()
 .text._ZN6FEHLCD22SetRegisterColorValuesEv
                0x0001228c      0x4c0 Libraries\FEHLCD.o
                0x0001228c                FEHLCD::SetRegisterColorValues()
 .text._Z41__static_initialization_and_destruction_0ii
                0x0001274c       0x30 Libraries\FEHLCD.o
 .text._GLOBAL__sub_I_image
                0x0001277c       0x14 Libraries\FEHLCD.o
 .text._ZN8FEHAccelC2Ev
                0x00012790       0x8c Libraries\FEHAccel.o
                0x00012790                FEHAccel::FEHAccel()
                0x00012790                FEHAccel::FEHAccel()
 .text._Z41__static_initialization_and_destruction_0ii
                0x0001281c       0x30 Libraries\FEHAccel.o
 .text._GLOBAL__sub_I_Accel
                0x0001284c       0x14 Libraries\FEHAccel.o
 .text._ZN10FEHBatteryC2EN5FEHIO8FEHIOPinE
                0x00012860       0x24 Libraries\FEHBattery.o
                0x00012860                FEHBattery::FEHBattery(FEHIO::FEHIOPin)
                0x00012860                FEHBattery::FEHBattery(FEHIO::FEHIOPin)
 .text._Z41__static_initialization_and_destruction_0ii
                0x00012884       0x34 Libraries\FEHBattery.o
 .text._GLOBAL__sub_I_Battery
                0x000128b8       0x14 Libraries\FEHBattery.o
 .text._ZN7FEHXBeeC2Ev
                0x000128cc       0x20 Drivers\FEHXBee.o
                0x000128cc                FEHXBee::FEHXBee()
                0x000128cc                FEHXBee::FEHXBee()
 .text._ZN7FEHXBee17SetPacketCallBackEPFvPhhE
                0x000128ec       0x20 Drivers\FEHXBee.o
                0x000128ec                FEHXBee::SetPacketCallBack(void (*)(unsigned char*, unsigned char))
 .text._Z9UART0_ISRv
                0x0001290c      0x174 Drivers\FEHXBee.o
                0x0001290c                UART0_ISR()
 .text._ZN6FEHRPSC2Ev
                0x00012a80       0x88 Libraries\FEHRPS.o
                0x00012a80                FEHRPS::FEHRPS()
                0x00012a80                FEHRPS::FEHRPS()
 .text._Z14RPSDataProcessPhh
                0x00012b08      0x18c Libraries\FEHRPS.o
                0x00012b08                RPSDataProcess(unsigned char*, unsigned char)
 .text._Z41__static_initialization_and_destruction_0ii
                0x00012c94       0x30 Libraries\FEHRPS.o
 .text._GLOBAL__sub_I_RPS
                0x00012cc4       0x14 Libraries\FEHRPS.o
 .text._ZN5FEHSDC2Ev
                0x00012cd8       0x24 Libraries\FEHSD.o
                0x00012cd8                FEHSD::FEHSD()
                0x00012cd8                FEHSD::FEHSD()
 .text._ZN5FEHSD8CloseLogEv
                0x00012cfc       0x38 Libraries\FEHSD.o
                0x00012cfc                FEHSD::CloseLog()
 .text._Z41__static_initialization_and_destruction_0ii
                0x00012d34       0x30 Libraries\FEHSD.o
 .text._GLOBAL__sub_I_SD
                0x00012d64       0x14 Libraries\FEHSD.o
 .text.exit     0x00012d78       0x38 C:\fehqt\Proteus/EWL/lib/armv7e-m\libc.a(exit.o)
                0x00012d78                exit
 .text.memset   0x00012db0        0xc C:\fehqt\Proteus/EWL/lib/armv7e-m\libc.a(memset.o)
                0x00012db0                memset
 .text.strlen   0x00012dbc       0x10 C:\fehqt\Proteus/EWL/lib/armv7e-m\libc.a(strlen.o)
                0x00012dbc                strlen
 .text.long2str.isra.0
                0x00012dcc      0x196 C:\fehqt\Proteus/EWL/lib/armv7e-m\libc.a(printformat_.o)
 *fill*         0x00012f62        0x2 00
 .text.__pformatter_
                0x00012f64      0x3f8 C:\fehqt\Proteus/EWL/lib/armv7e-m\libc.a(printformat_.o)
                0x00012f64                __pformatter_
 .text.__sformatter
                0x0001335c      0x74e C:\fehqt\Proteus/EWL/lib/armv7e-m\libc.a(scanformat_.o)
                0x0001335c                __sformatter
 *fill*         0x00013aaa        0x2 00
 .text.isalpha  0x00013aac       0x1c C:\fehqt\Proteus/EWL/lib/armv7e-m\libc.a(ctype_aeabi.o)
                0x00013aac                isalpha
 .text.isspace  0x00013ac8       0x1c C:\fehqt\Proteus/EWL/lib/armv7e-m\libc.a(ctype_aeabi.o)
                0x00013ac8                isspace
 .text.toupper  0x00013ae4        0xc C:\fehqt\Proteus/EWL/lib/armv7e-m\libc.a(ctype_aeabi.o)
                0x00013ae4                toupper
 .text.__strtoul
                0x00013af0      0x1dc C:\fehqt\Proteus/EWL/lib/armv7e-m\libc.a(__strtoul.o)
                0x00013af0                __strtoul
 .text.__fill_mem
                0x00013ccc       0x76 C:\fehqt\Proteus/EWL/lib/armv7e-m\libc.a(__filll_mem.o)
                0x00013ccc                __fill_mem
 .text.memchr   0x00013d42       0x1a C:\fehqt\Proteus/EWL/lib/armv7e-m\libc.a(memchr.o)
                0x00013d42                memchr
 .text.strchr   0x00013d5c       0x1c C:\fehqt\Proteus/EWL/lib/armv7e-m\libc.a(strchr.o)
                0x00013d5c                strchr
 .text.__init_cpp
                0x00013d78       0x4c C:\fehqt\Proteus/EWL/lib/armv7e-m\librt.a(gcc_ctor_dtor.o)
                0x00013d78                __init_cpp
 .text.__fini_cpp
                0x00013dc4       0x34 C:\fehqt\Proteus/EWL/lib/armv7e-m\librt.a(gcc_ctor_dtor.o)
                0x00013dc4                __fini_cpp
 .text.__copy_rom_section
                0x00013df8       0x44 C:\fehqt\Proteus/EWL/lib/armv7e-m\librt.a(ROMCopy.o)
                0x00013df8                __copy_rom_section
 .text.__copy_rom_sections_to_ram
                0x00013e3c       0x34 C:\fehqt\Proteus/EWL/lib/armv7e-m\librt.a(ROMCopy.o)
                0x00013e3c                __copy_rom_sections_to_ram
 .text.__destroy_global_chain
                0x00013e70       0x1c C:\fehqt\Proteus/EWL/lib/armv7e-m\librt.a(__arm_eabi_init.o)
                0x00013e70                __destroy_global_chain
 .text.__init_registers
                0x00013e8c       0x20 C:\fehqt\Proteus/EWL/lib/armv7e-m\librt.a(__arm_eabi_init.o)
                0x00013e8c                __init_registers
 .text.__init_user
                0x00013eac        0x4 C:\fehqt\Proteus/EWL/lib/armv7e-m\librt.a(__arm_eabi_init.o)
                0x00013eac                __init_user
 *(.rodata)
 .rodata        0x00013eb0       0x78 Libraries\FEHIO.o
 .rodata        0x00013f28       0x34 Libraries\FEHLCD.o
 *(.rodata*)
 .rodata.K60_SDHC0_init
                0x00013f5c        0xc Drivers\SDHC.o
                0x00013f5c                K60_SDHC0_init
 .rodata._ZL21ESDHC_COMMAND_XFERTYP
                0x00013f68      0x100 Drivers\SDHC.o
 .rodata._ZL10ADCNumbers
                0x00014068       0x24 Libraries\FEHIO.o
 .rodata._ZL16AnalogPinNumbers
                0x0001408c       0x84 Libraries\FEHIO.o
 .rodata.str1.1
                0x00014110        0x1 C:\fehqt\Proteus/EWL/lib/armv7e-m\libc.a(printformat_.o)
 .rodata.__aeabi_ctype_table_C
                0x00014111      0x101 C:\fehqt\Proteus/EWL/lib/armv7e-m\libc.a(ctype_aeabi.o)
                0x00014111                __aeabi_ctype_table_C
 *(.glue_7)
 .glue_7        0x00000000        0x0 linker stubs
 *(.glue_7t)
 .glue_7t       0x00000000        0x0 linker stubs
 *(.eh_frame)
 *(.init)
 *(.fini)
                0x00014214                . = ALIGN (0x4)
 *fill*         0x00014212        0x2 00
                0x00014214                _etext = .

.vfp11_veneer   0x00014214        0x0
 .vfp11_veneer  0x00000000        0x0 linker stubs

.v4_bx          0x00014214        0x0
 .v4_bx         0x00000000        0x0 linker stubs

.ARM.extab
 *(.ARM.extab* .gnu.linkonce.armextab.*)

.ARM            0x00014214        0x0
                0x00014214                __exidx_start = .
 *(.ARM.exidx*)
                0x00014214                __exidx_end = .

.ctors          0x00014214        0x0
                0x00014214                __CTOR_LIST__ = .
 *crtbegin.o(.ctors)
 *(EXCLUDE_FILE(*crtend.o) .ctors)
 *(SORT(.ctors.*))
 *(.ctors)
                0x00014214                __CTOR_END__ = .

.dtors          0x00014214        0x0
                0x00014214                __DTOR_LIST__ = .
 *crtbegin.o(.dtors)
 *(EXCLUDE_FILE(*crtend.o) .dtors)
 *(SORT(.dtors.*))
 *(.dtors)
                0x00014214                __DTOR_END__ = .

.preinit_array  0x00014214        0x0
                0x00014214                PROVIDE (__preinit_array_start, .)
 *(.preinit_array*)
                0x00014214                PROVIDE (__preinit_array_end, .)

.init_array     0x00014214       0x24
                0x00014214                PROVIDE (__init_array_start, .)
 *(SORT(.init_array.*))
 *(.init_array*)
 .init_array    0x00014214        0x4 ..\sensormethods.o
 .init_array    0x00014218        0x4 ..\motormethods.o
 .init_array    0x0001421c        0x4 FEHProteus.o
 .init_array    0x00014220        0x4 Libraries\FEHBuzzer.o
 .init_array    0x00014224        0x4 Libraries\FEHLCD.o
 .init_array    0x00014228        0x4 Libraries\FEHAccel.o
 .init_array    0x0001422c        0x4 Libraries\FEHBattery.o
 .init_array    0x00014230        0x4 Libraries\FEHRPS.o
 .init_array    0x00014234        0x4 Libraries\FEHSD.o
                0x00014238                PROVIDE (__init_array_end, .)

.fini_array     0x00014238        0x0
                0x00014238                PROVIDE (__fini_array_start, .)
 *(SORT(.fini_array.*))
 *(.fini_array*)
                0x00014238                PROVIDE (__fini_array_end, .)
                0x00014238                ___ROM_AT = .

.data           0x1fff0400      0xd1c load address 0x00014238
                0x1fff0400                . = ALIGN (0x4)
                0x1fff0400                _sdata = .
 *(.data)
 *(.data*)
 .data._ZL4Stat
                0x1fff0400        0x1 Drivers\SDHC.o
 *fill*         0x1fff0401        0x3 00
 .data.image    0x1fff0404      0x750 Libraries\FEHLCD.o
                0x1fff0404                image
 .data.logo     0x1fff0b54      0x3e8 Libraries\FEHLCD.o
                0x1fff0b54                logo
 .data._ZN6FEHLCD8fontDataE
                0x1fff0f3c      0x1e0 Libraries\FEHLCD.o
                0x1fff0f3c                FEHLCD::fontData
                0x1fff111c                . = ALIGN (0x4)
                0x1fff111c                _edata = .
                0x00000d1c                ___data_size = (_edata - _sdata)
                0x00014f54                ___m_data2_ROMStart = (___ROM_AT + SIZEOF (.data))

.user_data2     0x20000000        0x0 load address 0x00014f54
                0x20000000                . = ALIGN (0x4)
                0x20000000                ___m_data2_RAMStart = .
 *(.data2)
                0x20000000                ___m_data2_RAMEnd = .
                0x20000000                . = ALIGN (0x4)
                0x00000000                ___m_data2_ROMSize = (___m_data2_RAMEnd - ___m_data2_RAMStart)
                0x20000000                . = ALIGN (0x4)

.bss            0x1fff111c      0x5c4 load address 0x00014f54
                0x1fff111c                __START_BSS = .
                0x1fff111c                PROVIDE (__bss_start__, __START_BSS)
 *(.bss)
 *(.bss*)
 .bss.CdSCell   0x1fff111c        0x4 ..\sensormethods.o
                0x1fff111c                CdSCell
 .bss.driveMotorLeft
                0x1fff1120        0x8 ..\motormethods.o
                0x1fff1120                driveMotorLeft
 .bss.driveMotorRight
                0x1fff1128        0x8 ..\motormethods.o
                0x1fff1128                driveMotorRight
 .bss._ZL4argv  0x1fff1130        0x4 Startup\__arm_start.o
 .bss.MasterTransmission
                0x1fff1134        0x1 Drivers\i2c.o
                0x1fff1134                MasterTransmission
 .bss.SlaveID   0x1fff1135        0x1 Drivers\i2c.o
                0x1fff1135                SlaveID
 *fill*         0x1fff1136        0x2 00
 .bss.SDHC_Card
                0x1fff1138       0x14 Drivers\SDHC.o
                0x1fff1138                SDHC_Card
 .bss.SDHC_Info
                0x1fff114c      0x204 Drivers\SDHC.o
                0x1fff114c                SDHC_Info
 .bss.SDHC_Device
                0x1fff1350        0x8 Drivers\SDHC.o
                0x1fff1350                SDHC_Device
 .bss.Propeller
                0x1fff1358        0x4 FEHProteus.o
                0x1fff1358                Propeller
 .bss.CoreClockKHz
                0x1fff135c        0x4 FEHProteus.o
                0x1fff135c                CoreClockKHz
 .bss.CoreClockMHz
                0x1fff1360        0x4 FEHProteus.o
                0x1fff1360                CoreClockMHz
 .bss.PeripheralClockKHz
                0x1fff1364        0x4 FEHProteus.o
                0x1fff1364                PeripheralClockKHz
 .bss._ZN14AnalogInputPin17Master_Adc_ConfigE
                0x1fff1368       0x10 Libraries\FEHIO.o
                0x1fff1368                AnalogInputPin::Master_Adc_Config
 .bss._ZN14AnalogInputPin18Encoder_Adc_ConfigE
                0x1fff1378       0x10 Libraries\FEHIO.o
                0x1fff1378                AnalogInputPin::Encoder_Adc_Config
 .bss.interrupt_counts
                0x1fff1388       0x80 Libraries\FEHIO.o
                0x1fff1388                interrupt_counts
 .bss._ZN13AnalogEncoder7pinListE
                0x1fff1408        0x4 Libraries\FEHIO.o
                0x1fff1408                AnalogEncoder::pinList
 .bss.__interrupt_counter
                0x1fff140c        0x4 Libraries\FEHIO.o
                0x1fff140c                __interrupt_counter
 .bss.Buzzer    0x1fff1410        0x4 Libraries\FEHBuzzer.o
                0x1fff1410                Buzzer
 .bss.LCD       0x1fff1414       0x44 Libraries\FEHLCD.o
                0x1fff1414                LCD
 .bss.initialized
                0x1fff1458        0x1 Libraries\FEHLCD.o
                0x1fff1458                initialized
 *fill*         0x1fff1459        0x3 00
 .bss.Accel     0x1fff145c        0x4 Libraries\FEHAccel.o
                0x1fff145c                Accel
 .bss.Battery   0x1fff1460        0x4 Libraries\FEHBattery.o
                0x1fff1460                Battery
 .bss.XBeeDataProcess
                0x1fff1464        0x4 Drivers\FEHXBee.o
                0x1fff1464                XBeeDataProcess
 .bss._xbeebuffer
                0x1fff1468       0x10 Drivers\FEHXBee.o
                0x1fff1468                _xbeebuffer
 .bss._xbeebufferindex
                0x1fff1478        0x1 Drivers\FEHXBee.o
                0x1fff1478                _xbeebufferindex
 .bss._xbeestate
                0x1fff1479        0x1 Drivers\FEHXBee.o
                0x1fff1479                _xbeestate
 .bss._xbeebytereceived
                0x1fff147a        0x1 Drivers\FEHXBee.o
                0x1fff147a                _xbeebytereceived
 .bss._xbeebyte
                0x1fff147b        0x1 Drivers\FEHXBee.o
                0x1fff147b                _xbeebyte
 .bss.RPS       0x1fff147c        0x8 Libraries\FEHRPS.o
                0x1fff147c                RPS
 .bss._enabled  0x1fff1484        0x1 Libraries\FEHRPS.o
                0x1fff1484                _enabled
 *fill*         0x1fff1485        0x3 00
 .bss._RPS_x    0x1fff1488        0x4 Libraries\FEHRPS.o
                0x1fff1488                _RPS_x
 .bss._RPS_y    0x1fff148c        0x4 Libraries\FEHRPS.o
                0x1fff148c                _RPS_y
 .bss._RPS_heading
                0x1fff1490        0x4 Libraries\FEHRPS.o
                0x1fff1490                _RPS_heading
 .bss._RPS_objective
                0x1fff1494        0x4 Libraries\FEHRPS.o
                0x1fff1494                _RPS_objective
 .bss._RPS_time
                0x1fff1498        0x1 Libraries\FEHRPS.o
                0x1fff1498                _RPS_time
 .bss._RPS_stop
                0x1fff1499        0x1 Libraries\FEHRPS.o
                0x1fff1499                _RPS_stop
 .bss._RPS_foundpacket
                0x1fff149a        0x1 Libraries\FEHRPS.o
                0x1fff149a                _RPS_foundpacket
 *fill*         0x1fff149b        0x1 00
 .bss.SD        0x1fff149c        0x4 Libraries\FEHSD.o
                0x1fff149c                SD
 .bss.logfil    0x1fff14a0      0x228 Libraries\FEHSD.o
                0x1fff14a0                logfil
 .bss.__stdio_exit
                0x1fff16c8        0x4 C:\fehqt\Proteus/EWL/lib/armv7e-m\libc.a(exit.o)
                0x1fff16c8                __stdio_exit
 .bss.__console_exit
                0x1fff16cc        0x4 C:\fehqt\Proteus/EWL/lib/armv7e-m\libc.a(exit.o)
                0x1fff16cc                __console_exit
 .bss.__S_romp  0x1fff16d0        0xc C:\fehqt\Proteus/EWL/lib/armv7e-m\librt.a(ROMCopy.o)
 .bss.__global_destructor_chain
                0x1fff16dc        0x4 C:\fehqt\Proteus/EWL/lib/armv7e-m\librt.a(__arm_eabi_init.o)
                0x1fff16dc                __global_destructor_chain
 *(COMMON)
                0x1fff16e0                . = ALIGN (0x4)
                0x1fff16e0                __END_BSS = .
                0x1fff16e0                PROVIDE (__bss_end__, __END_BSS)

._user_heap_stack
                0x1fff16e0     0x1000 load address 0x00015518
                0x1fff16e0                . = ALIGN (0x4)
                0x1fff16e0                PROVIDE (end, .)
                0x1fff16e0                PROVIDE (_end, .)
                0x1fff16e0                __heap_addr = .
                0x1fff1ee0                . = (. + __heap_size)
 *fill*         0x1fff16e0      0x800 00
                0x1fff26e0                . = (. + __stack_size)
 *fill*         0x1fff1ee0      0x800 00
                0x1fff26e0                . = ALIGN (0x4)
                0x00014f54                _romp_at = ((___ROM_AT + SIZEOF (.data)) + SIZEOF (.user_data2))

.romp           0x20000000       0x24 load address 0x00014f54
                0x00014f54                __S_romp = _romp_at
                0x20000000        0x4 LONG 0x14238 ___ROM_AT
                0x20000004        0x4 LONG 0x1fff0400 _sdata
                0x20000008        0x4 LONG 0xd1c ___data_size
                0x2000000c        0x4 LONG 0x14f54 ___m_data2_ROMStart
                0x20000010        0x4 LONG 0x20000000 ___m_data2_RAMStart
                0x20000014        0x4 LONG 0x0 ___m_data2_ROMSize
                0x20000018        0x4 LONG 0x0
                0x2000001c        0x4 LONG 0x0
                0x20000020        0x4 LONG 0x0

.ARM.attributes
                0x00000000       0x33
 *(.ARM.attributes)
 .ARM.attributes
                0x00000000       0x33 ..\sensormethods.o
 .ARM.attributes
                0x00000033       0x33 ..\motormethods.o
 .ARM.attributes
                0x00000066       0x33 ..\main.o
 .ARM.attributes
                0x00000099       0x33 Startup\__arm_start.o
 .ARM.attributes
                0x000000cc       0x33 Startup\__arm_end.o
 .ARM.attributes
                0x000000ff       0x33 Startup\kinetis_sysinit.o
 .ARM.attributes
                0x00000132       0x33 Libraries\FEHMotor.o
 .ARM.attributes
                0x00000165       0x33 Drivers\i2c.o
 .ARM.attributes
                0x00000198       0x33 Drivers\spi.o
 .ARM.attributes
                0x000001cb       0x33 Drivers\uart.o
 .ARM.attributes
                0x000001fe       0x33 Drivers\ff.o
 .ARM.attributes
                0x00000231       0x33 Drivers\SDHC.o
 .ARM.attributes
                0x00000264       0x33 Drivers\lptmr.o
 .ARM.attributes
                0x00000297       0x33 FEHProteus.o
 .ARM.attributes
                0x000002ca       0x33 Drivers\FEHPropeller.o
 .ARM.attributes
                0x000002fd       0x33 Libraries\FEHUtility.o
 .ARM.attributes
                0x00000330       0x33 Libraries\FEHIO.o
 .ARM.attributes
                0x00000363       0x33 Drivers\adc16.o
 .ARM.attributes
                0x00000396       0x33 Libraries\FEHBuzzer.o
 .ARM.attributes
                0x000003c9       0x33 Libraries\FEHLCD.o
 .ARM.attributes
                0x000003fc       0x33 Libraries\FEHAccel.o
 .ARM.attributes
                0x0000042f       0x33 Libraries\FEHBattery.o
 .ARM.attributes
                0x00000462       0x33 Drivers\FEHXBee.o
 .ARM.attributes
                0x00000495       0x33 Libraries\FEHRPS.o
 .ARM.attributes
                0x000004c8       0x33 Libraries\FEHSD.o
 .ARM.attributes
                0x000004fb       0x33 C:\fehqt\Proteus/EWL/lib/armv7e-m\libc.a(exit.o)
 .ARM.attributes
                0x0000052e       0x33 C:\fehqt\Proteus/EWL/lib/armv7e-m\libc.a(memset.o)
 .ARM.attributes
                0x00000561       0x33 C:\fehqt\Proteus/EWL/lib/armv7e-m\libc.a(strlen.o)
 .ARM.attributes
                0x00000594       0x33 C:\fehqt\Proteus/EWL/lib/armv7e-m\libc.a(printformat_.o)
 .ARM.attributes
                0x000005c7       0x33 C:\fehqt\Proteus/EWL/lib/armv7e-m\libc.a(scanformat_.o)
 .ARM.attributes
                0x000005fa       0x33 C:\fehqt\Proteus/EWL/lib/armv7e-m\libc.a(ctype_aeabi.o)
 .ARM.attributes
                0x0000062d       0x33 C:\fehqt\Proteus/EWL/lib/armv7e-m\libc.a(__strtoul.o)
 .ARM.attributes
                0x00000660       0x33 C:\fehqt\Proteus/EWL/lib/armv7e-m\libc.a(__filll_mem.o)
 .ARM.attributes
                0x00000693       0x33 C:\fehqt\Proteus/EWL/lib/armv7e-m\libc.a(memchr.o)
 .ARM.attributes
                0x000006c6       0x33 C:\fehqt\Proteus/EWL/lib/armv7e-m\libc.a(strchr.o)
 .ARM.attributes
                0x000006f9       0x1e c:/fehqt/proteus/gcc/bin/../lib/gcc/arm-none-eabi/4.6.2/armv7e-m\libgcc.a(_arm_addsubdf3.o)
 .ARM.attributes
                0x00000717       0x1e c:/fehqt/proteus/gcc/bin/../lib/gcc/arm-none-eabi/4.6.2/armv7e-m\libgcc.a(_arm_muldivdf3.o)
 .ARM.attributes
                0x00000735       0x1e c:/fehqt/proteus/gcc/bin/../lib/gcc/arm-none-eabi/4.6.2/armv7e-m\libgcc.a(_arm_fixdfsi.o)
 .ARM.attributes
                0x00000753       0x1e c:/fehqt/proteus/gcc/bin/../lib/gcc/arm-none-eabi/4.6.2/armv7e-m\libgcc.a(_arm_fixunsdfsi.o)
 .ARM.attributes
                0x00000771       0x1e c:/fehqt/proteus/gcc/bin/../lib/gcc/arm-none-eabi/4.6.2/armv7e-m\libgcc.a(_arm_truncdfsf2.o)
 .ARM.attributes
                0x0000078f       0x1e c:/fehqt/proteus/gcc/bin/../lib/gcc/arm-none-eabi/4.6.2/armv7e-m\libgcc.a(_arm_addsubsf3.o)
 .ARM.attributes
                0x000007ad       0x1e c:/fehqt/proteus/gcc/bin/../lib/gcc/arm-none-eabi/4.6.2/armv7e-m\libgcc.a(_arm_muldivsf3.o)
 .ARM.attributes
                0x000007cb       0x1e c:/fehqt/proteus/gcc/bin/../lib/gcc/arm-none-eabi/4.6.2/armv7e-m\libgcc.a(_arm_cmpsf2.o)
 .ARM.attributes
                0x000007e9       0x33 C:\fehqt\Proteus/EWL/lib/armv7e-m\librt.a(gcc_ctor_dtor.o)
 .ARM.attributes
                0x0000081c       0x33 C:\fehqt\Proteus/EWL/lib/armv7e-m\librt.a(ROMCopy.o)
 .ARM.attributes
                0x0000084f       0x33 C:\fehqt\Proteus/EWL/lib/armv7e-m\librt.a(__arm_eabi_init.o)
OUTPUT(../Robot_CodeOutline_v1.elf elf32-littlearm)

.debug_info     0x00000000    0x12928
 .debug_info    0x00000000      0xe9d ..\sensormethods.o
 .debug_info    0x00000e9d      0x303 ..\motormethods.o
 .debug_info    0x000011a0       0xf4 ..\main.o
 .debug_info    0x00001294     0x12c5 Startup\__arm_start.o
 .debug_info    0x00002559       0x58 Startup\__arm_end.o
 .debug_info    0x000025b1      0x57d Startup\kinetis_sysinit.o
 .debug_info    0x00002b2e      0x335 Libraries\FEHMotor.o
 .debug_info    0x00002e63      0x250 Drivers\i2c.o
 .debug_info    0x000030b3      0x6cf Drivers\spi.o
 .debug_info    0x00003782      0x59c Drivers\uart.o
 .debug_info    0x00003d1e     0x1da0 Drivers\ff.o
 .debug_info    0x00005abe      0xf1d Drivers\SDHC.o
 .debug_info    0x000069db      0x2de Drivers\lptmr.o
 .debug_info    0x00006cb9      0x1a7 FEHProteus.o
 .debug_info    0x00006e60      0x722 Drivers\FEHPropeller.o
 .debug_info    0x00007582      0x36c Libraries\FEHUtility.o
 .debug_info    0x000078ee     0x1c6a Libraries\FEHIO.o
 .debug_info    0x00009558      0x4ab Drivers\adc16.o
 .debug_info    0x00009a03      0xa42 Libraries\FEHBuzzer.o
 .debug_info    0x0000a445     0x2c25 Libraries\FEHLCD.o
 .debug_info    0x0000d06a      0x26a Libraries\FEHAccel.o
 .debug_info    0x0000d2d4      0x3a9 Libraries\FEHBattery.o
 .debug_info    0x0000d67d      0xac3 Drivers\FEHXBee.o
 .debug_info    0x0000e140     0x1985 Libraries\FEHRPS.o
 .debug_info    0x0000fac5     0x1242 Libraries\FEHSD.o
 .debug_info    0x00010d07      0x103 C:\fehqt\Proteus/EWL/lib/armv7e-m\libc.a(exit.o)
 .debug_info    0x00010e0a       0xf4 C:\fehqt\Proteus/EWL/lib/armv7e-m\libc.a(memset.o)
 .debug_info    0x00010efe       0xf3 C:\fehqt\Proteus/EWL/lib/armv7e-m\libc.a(strlen.o)
 .debug_info    0x00010ff1      0x512 C:\fehqt\Proteus/EWL/lib/armv7e-m\libc.a(printformat_.o)
 .debug_info    0x00011503      0x564 C:\fehqt\Proteus/EWL/lib/armv7e-m\libc.a(scanformat_.o)
 .debug_info    0x00011a67      0x32a C:\fehqt\Proteus/EWL/lib/armv7e-m\libc.a(ctype_aeabi.o)
 .debug_info    0x00011d91      0x1d7 C:\fehqt\Proteus/EWL/lib/armv7e-m\libc.a(__strtoul.o)
 .debug_info    0x00011f68      0x13d C:\fehqt\Proteus/EWL/lib/armv7e-m\libc.a(__filll_mem.o)
 .debug_info    0x000120a5      0x129 C:\fehqt\Proteus/EWL/lib/armv7e-m\libc.a(memchr.o)
 .debug_info    0x000121ce      0x110 C:\fehqt\Proteus/EWL/lib/armv7e-m\libc.a(strchr.o)
 .debug_info    0x000122de      0x1c0 C:\fehqt\Proteus/EWL/lib/armv7e-m\librt.a(gcc_ctor_dtor.o)
 .debug_info    0x0001249e      0x1b8 C:\fehqt\Proteus/EWL/lib/armv7e-m\librt.a(ROMCopy.o)
 .debug_info    0x00012656      0x2d2 C:\fehqt\Proteus/EWL/lib/armv7e-m\librt.a(__arm_eabi_init.o)

.debug_abbrev   0x00000000     0x39a7
 .debug_abbrev  0x00000000      0x2b0 ..\sensormethods.o
 .debug_abbrev  0x000002b0      0x11e ..\motormethods.o
 .debug_abbrev  0x000003ce       0x52 ..\main.o
 .debug_abbrev  0x00000420      0x28f Startup\__arm_start.o
 .debug_abbrev  0x000006af       0x45 Startup\__arm_end.o
 .debug_abbrev  0x000006f4      0x18a Startup\kinetis_sysinit.o
 .debug_abbrev  0x0000087e      0x18c Libraries\FEHMotor.o
 .debug_abbrev  0x00000a0a       0xfc Drivers\i2c.o
 .debug_abbrev  0x00000b06      0x18b Drivers\spi.o
 .debug_abbrev  0x00000c91      0x15f Drivers\uart.o
 .debug_abbrev  0x00000df0      0x18f Drivers\ff.o
 .debug_abbrev  0x00000f7f      0x223 Drivers\SDHC.o
 .debug_abbrev  0x000011a2       0xd2 Drivers\lptmr.o
 .debug_abbrev  0x00001274      0x101 FEHProteus.o
 .debug_abbrev  0x00001375      0x1c6 Drivers\FEHPropeller.o
 .debug_abbrev  0x0000153b      0x154 Libraries\FEHUtility.o
 .debug_abbrev  0x0000168f      0x448 Libraries\FEHIO.o
 .debug_abbrev  0x00001ad7      0x12a Drivers\adc16.o
 .debug_abbrev  0x00001c01      0x1da Libraries\FEHBuzzer.o
 .debug_abbrev  0x00001ddb      0x38c Libraries\FEHLCD.o
 .debug_abbrev  0x00002167      0x13b Libraries\FEHAccel.o
 .debug_abbrev  0x000022a2      0x1cb Libraries\FEHBattery.o
 .debug_abbrev  0x0000246d      0x231 Drivers\FEHXBee.o
 .debug_abbrev  0x0000269e      0x37f Libraries\FEHRPS.o
 .debug_abbrev  0x00002a1d      0x33a Libraries\FEHSD.o
 .debug_abbrev  0x00002d57       0x8f C:\fehqt\Proteus/EWL/lib/armv7e-m\libc.a(exit.o)
 .debug_abbrev  0x00002de6       0x66 C:\fehqt\Proteus/EWL/lib/armv7e-m\libc.a(memset.o)
 .debug_abbrev  0x00002e4c       0x7e C:\fehqt\Proteus/EWL/lib/armv7e-m\libc.a(strlen.o)
 .debug_abbrev  0x00002eca      0x204 C:\fehqt\Proteus/EWL/lib/armv7e-m\libc.a(printformat_.o)
 .debug_abbrev  0x000030ce      0x1fb C:\fehqt\Proteus/EWL/lib/armv7e-m\libc.a(scanformat_.o)
 .debug_abbrev  0x000032c9       0x9a C:\fehqt\Proteus/EWL/lib/armv7e-m\libc.a(ctype_aeabi.o)
 .debug_abbrev  0x00003363       0xc6 C:\fehqt\Proteus/EWL/lib/armv7e-m\libc.a(__strtoul.o)
 .debug_abbrev  0x00003429       0x8b C:\fehqt\Proteus/EWL/lib/armv7e-m\libc.a(__filll_mem.o)
 .debug_abbrev  0x000034b4       0x99 C:\fehqt\Proteus/EWL/lib/armv7e-m\libc.a(memchr.o)
 .debug_abbrev  0x0000354d       0x8d C:\fehqt\Proteus/EWL/lib/armv7e-m\libc.a(strchr.o)
 .debug_abbrev  0x000035da       0x9d C:\fehqt\Proteus/EWL/lib/armv7e-m\librt.a(gcc_ctor_dtor.o)
 .debug_abbrev  0x00003677      0x160 C:\fehqt\Proteus/EWL/lib/armv7e-m\librt.a(ROMCopy.o)
 .debug_abbrev  0x000037d7      0x1d0 C:\fehqt\Proteus/EWL/lib/armv7e-m\librt.a(__arm_eabi_init.o)

.debug_loc      0x00000000     0x6476
 .debug_loc     0x00000000      0x15a ..\sensormethods.o
 .debug_loc     0x0000015a      0x1ec ..\motormethods.o
 .debug_loc     0x00000346       0x2c ..\main.o
 .debug_loc     0x00000372       0xb0 Startup\__arm_start.o
 .debug_loc     0x00000422       0x38 Startup\__arm_end.o
 .debug_loc     0x0000045a       0x84 Startup\kinetis_sysinit.o
 .debug_loc     0x000004de       0xe0 Libraries\FEHMotor.o
 .debug_loc     0x000005be       0xe0 Drivers\i2c.o
 .debug_loc     0x0000069e      0x19c Drivers\spi.o
 .debug_loc     0x0000083a       0xe0 Drivers\uart.o
 .debug_loc     0x0000091a      0xa96 Drivers\ff.o
 .debug_loc     0x000013b0      0x370 Drivers\SDHC.o
 .debug_loc     0x00001720       0x38 Drivers\lptmr.o
 .debug_loc     0x00001758       0x64 FEHProteus.o
 .debug_loc     0x000017bc      0x118 Drivers\FEHPropeller.o
 .debug_loc     0x000018d4      0x1a8 Libraries\FEHUtility.o
 .debug_loc     0x00001a7c      0x8d6 Libraries\FEHIO.o
 .debug_loc     0x00002352       0xa8 Drivers\adc16.o
 .debug_loc     0x000023fa      0x304 Libraries\FEHBuzzer.o
 .debug_loc     0x000026fe     0x1147 Libraries\FEHLCD.o
 .debug_loc     0x00003845      0x144 Libraries\FEHAccel.o
 .debug_loc     0x00003989       0xd4 Libraries\FEHBattery.o
 .debug_loc     0x00003a5d      0x1c0 Drivers\FEHXBee.o
 .debug_loc     0x00003c1d      0x3b0 Libraries\FEHRPS.o
 .debug_loc     0x00003fcd      0x188 Libraries\FEHSD.o
 .debug_loc     0x00004155       0x3e C:\fehqt\Proteus/EWL/lib/armv7e-m\libc.a(exit.o)
 .debug_loc     0x00004193       0x64 C:\fehqt\Proteus/EWL/lib/armv7e-m\libc.a(memset.o)
 .debug_loc     0x000041f7       0x31 C:\fehqt\Proteus/EWL/lib/armv7e-m\libc.a(strlen.o)
 .debug_loc     0x00004228     0x106f C:\fehqt\Proteus/EWL/lib/armv7e-m\libc.a(printformat_.o)
 .debug_loc     0x00005297      0x8cb C:\fehqt\Proteus/EWL/lib/armv7e-m\libc.a(scanformat_.o)
 .debug_loc     0x00005b62      0x18e C:\fehqt\Proteus/EWL/lib/armv7e-m\libc.a(ctype_aeabi.o)
 .debug_loc     0x00005cf0      0x2ad C:\fehqt\Proteus/EWL/lib/armv7e-m\libc.a(__strtoul.o)
 .debug_loc     0x00005f9d      0x12c C:\fehqt\Proteus/EWL/lib/armv7e-m\libc.a(__filll_mem.o)
 .debug_loc     0x000060c9       0x82 C:\fehqt\Proteus/EWL/lib/armv7e-m\libc.a(memchr.o)
 .debug_loc     0x0000614b       0x78 C:\fehqt\Proteus/EWL/lib/armv7e-m\libc.a(strchr.o)
 .debug_loc     0x000061c3       0xbe C:\fehqt\Proteus/EWL/lib/armv7e-m\librt.a(gcc_ctor_dtor.o)
 .debug_loc     0x00006281       0x9b C:\fehqt\Proteus/EWL/lib/armv7e-m\librt.a(ROMCopy.o)
 .debug_loc     0x0000631c      0x15a C:\fehqt\Proteus/EWL/lib/armv7e-m\librt.a(__arm_eabi_init.o)

.debug_aranges  0x00000000      0xe48
 .debug_aranges
                0x00000000       0x50 ..\sensormethods.o
 .debug_aranges
                0x00000050       0x60 ..\motormethods.o
 .debug_aranges
                0x000000b0       0x20 ..\main.o
 .debug_aranges
                0x000000d0       0x48 Startup\__arm_start.o
 .debug_aranges
                0x00000118       0x20 Startup\__arm_end.o
 .debug_aranges
                0x00000138       0x30 Startup\kinetis_sysinit.o
 .debug_aranges
                0x00000168       0x38 Libraries\FEHMotor.o
 .debug_aranges
                0x000001a0       0x38 Drivers\i2c.o
 .debug_aranges
                0x000001d8       0x58 Drivers\spi.o
 .debug_aranges
                0x00000230       0x38 Drivers\uart.o
 .debug_aranges
                0x00000268      0x198 Drivers\ff.o
 .debug_aranges
                0x00000400       0x98 Drivers\SDHC.o
 .debug_aranges
                0x00000498       0x20 Drivers\lptmr.o
 .debug_aranges
                0x000004b8       0x28 FEHProteus.o
 .debug_aranges
                0x000004e0       0x40 Drivers\FEHPropeller.o
 .debug_aranges
                0x00000520       0x58 Libraries\FEHUtility.o
 .debug_aranges
                0x00000578      0x160 Libraries\FEHIO.o
 .debug_aranges
                0x000006d8       0x30 Drivers\adc16.o
 .debug_aranges
                0x00000708       0x88 Libraries\FEHBuzzer.o
 .debug_aranges
                0x00000790      0x290 Libraries\FEHLCD.o
 .debug_aranges
                0x00000a20       0x48 Libraries\FEHAccel.o
 .debug_aranges
                0x00000a68       0x38 Libraries\FEHBattery.o
 .debug_aranges
                0x00000aa0       0x58 Drivers\FEHXBee.o
 .debug_aranges
                0x00000af8       0xa0 Libraries\FEHRPS.o
 .debug_aranges
                0x00000b98       0x50 Libraries\FEHSD.o
 .debug_aranges
                0x00000be8       0x20 C:\fehqt\Proteus/EWL/lib/armv7e-m\libc.a(exit.o)
 .debug_aranges
                0x00000c08       0x20 C:\fehqt\Proteus/EWL/lib/armv7e-m\libc.a(memset.o)
 .debug_aranges
                0x00000c28       0x20 C:\fehqt\Proteus/EWL/lib/armv7e-m\libc.a(strlen.o)
 .debug_aranges
                0x00000c48       0x28 C:\fehqt\Proteus/EWL/lib/armv7e-m\libc.a(printformat_.o)
 .debug_aranges
                0x00000c70       0x20 C:\fehqt\Proteus/EWL/lib/armv7e-m\libc.a(scanformat_.o)
 .debug_aranges
                0x00000c90       0x88 C:\fehqt\Proteus/EWL/lib/armv7e-m\libc.a(ctype_aeabi.o)
 .debug_aranges
                0x00000d18       0x20 C:\fehqt\Proteus/EWL/lib/armv7e-m\libc.a(__strtoul.o)
 .debug_aranges
                0x00000d38       0x20 C:\fehqt\Proteus/EWL/lib/armv7e-m\libc.a(__filll_mem.o)
 .debug_aranges
                0x00000d58       0x20 C:\fehqt\Proteus/EWL/lib/armv7e-m\libc.a(memchr.o)
 .debug_aranges
                0x00000d78       0x20 C:\fehqt\Proteus/EWL/lib/armv7e-m\libc.a(strchr.o)
 .debug_aranges
                0x00000d98       0x28 C:\fehqt\Proteus/EWL/lib/armv7e-m\librt.a(gcc_ctor_dtor.o)
 .debug_aranges
                0x00000dc0       0x30 C:\fehqt\Proteus/EWL/lib/armv7e-m\librt.a(ROMCopy.o)
 .debug_aranges
                0x00000df0       0x58 C:\fehqt\Proteus/EWL/lib/armv7e-m\librt.a(__arm_eabi_init.o)

.debug_line     0x00000000     0x7852
 .debug_line    0x00000000      0x2f7 ..\sensormethods.o
 .debug_line    0x000002f7      0x2fc ..\motormethods.o
 .debug_line    0x000005f3      0x26c ..\main.o
 .debug_line    0x0000085f      0x3ad Startup\__arm_start.o
 .debug_line    0x00000c0c      0x21a Startup\__arm_end.o
 .debug_line    0x00000e26      0x283 Startup\kinetis_sysinit.o
 .debug_line    0x000010a9      0x237 Libraries\FEHMotor.o
 .debug_line    0x000012e0      0x2ad Drivers\i2c.o
 .debug_line    0x0000158d      0x295 Drivers\spi.o
 .debug_line    0x00001822      0x212 Drivers\uart.o
 .debug_line    0x00001a34     0x1114 Drivers\ff.o
 .debug_line    0x00002b48      0x678 Drivers\SDHC.o
 .debug_line    0x000031c0      0x1c0 Drivers\lptmr.o
 .debug_line    0x00003380      0x1da FEHProteus.o
 .debug_line    0x0000355a      0x264 Drivers\FEHPropeller.o
 .debug_line    0x000037be      0x282 Libraries\FEHUtility.o
 .debug_line    0x00003a40      0x6ee Libraries\FEHIO.o
 .debug_line    0x0000412e      0x20f Drivers\adc16.o
 .debug_line    0x0000433d      0x2df Libraries\FEHBuzzer.o
 .debug_line    0x0000461c     0x1151 Libraries\FEHLCD.o
 .debug_line    0x0000576d      0x23f Libraries\FEHAccel.o
 .debug_line    0x000059ac      0x218 Libraries\FEHBattery.o
 .debug_line    0x00005bc4      0x349 Drivers\FEHXBee.o
 .debug_line    0x00005f0d      0x6e9 Libraries\FEHRPS.o
 .debug_line    0x000065f6      0x334 Libraries\FEHSD.o
 .debug_line    0x0000692a       0x94 C:\fehqt\Proteus/EWL/lib/armv7e-m\libc.a(exit.o)
 .debug_line    0x000069be       0x8f C:\fehqt\Proteus/EWL/lib/armv7e-m\libc.a(memset.o)
 .debug_line    0x00006a4d       0x89 C:\fehqt\Proteus/EWL/lib/armv7e-m\libc.a(strlen.o)
 .debug_line    0x00006ad6      0x2c6 C:\fehqt\Proteus/EWL/lib/armv7e-m\libc.a(printformat_.o)
 .debug_line    0x00006d9c      0x2e3 C:\fehqt\Proteus/EWL/lib/armv7e-m\libc.a(scanformat_.o)
 .debug_line    0x0000707f      0x1dd C:\fehqt\Proteus/EWL/lib/armv7e-m\libc.a(ctype_aeabi.o)
 .debug_line    0x0000725c      0x141 C:\fehqt\Proteus/EWL/lib/armv7e-m\libc.a(__strtoul.o)
 .debug_line    0x0000739d      0x121 C:\fehqt\Proteus/EWL/lib/armv7e-m\libc.a(__filll_mem.o)
 .debug_line    0x000074be       0xa3 C:\fehqt\Proteus/EWL/lib/armv7e-m\libc.a(memchr.o)
 .debug_line    0x00007561       0x84 C:\fehqt\Proteus/EWL/lib/armv7e-m\libc.a(strchr.o)
 .debug_line    0x000075e5       0x94 C:\fehqt\Proteus/EWL/lib/armv7e-m\librt.a(gcc_ctor_dtor.o)
 .debug_line    0x00007679       0xc0 C:\fehqt\Proteus/EWL/lib/armv7e-m\librt.a(ROMCopy.o)
 .debug_line    0x00007739      0x119 C:\fehqt\Proteus/EWL/lib/armv7e-m\librt.a(__arm_eabi_init.o)

.debug_macinfo  0x00000000   0x8ff507
 .debug_macinfo
                0x00000000    0x6449b ..\sensormethods.o
 .debug_macinfo
                0x0006449b    0x6446b ..\motormethods.o
 .debug_macinfo
                0x000c8906    0x64497 ..\main.o
 .debug_macinfo
                0x0012cd9d    0x647fb Startup\__arm_start.o
 .debug_macinfo
                0x00191598     0x3464 Startup\__arm_end.o
 .debug_macinfo
                0x001949fc    0x64cce Startup\kinetis_sysinit.o
 .debug_macinfo
                0x001f96ca    0x6305c Libraries\FEHMotor.o
 .debug_macinfo
                0x0025c726    0x6318f Drivers\i2c.o
 .debug_macinfo
                0x002bf8b5    0x62fd6 Drivers\spi.o
 .debug_macinfo
                0x0032288b    0x62fc7 Drivers\uart.o
 .debug_macinfo
                0x00385852     0x4396 Drivers\ff.o
 .debug_macinfo
                0x00389be8    0x6452b Drivers\SDHC.o
 .debug_macinfo
                0x003ee113    0x63036 Drivers\lptmr.o
 .debug_macinfo
                0x00451149    0x62fdc FEHProteus.o
 .debug_macinfo
                0x004b4125    0x63085 Drivers\FEHPropeller.o
 .debug_macinfo
                0x005171aa    0x62ff1 Libraries\FEHUtility.o
 .debug_macinfo
                0x0057a19b    0x64348 Libraries\FEHIO.o
 .debug_macinfo
                0x005de4e3    0x63678 Drivers\adc16.o
 .debug_macinfo
                0x00641b5b    0x6301e Libraries\FEHBuzzer.o
 .debug_macinfo
                0x006a4b79    0x649ab Libraries\FEHLCD.o
 .debug_macinfo
                0x00709524    0x631be Libraries\FEHAccel.o
 .debug_macinfo
                0x0076c6e2    0x636a3 Libraries\FEHBattery.o
 .debug_macinfo
                0x007cfd85    0x63d5d Drivers\FEHXBee.o
 .debug_macinfo
                0x00833ae2    0x66194 Libraries\FEHRPS.o
 .debug_macinfo
                0x00899c76    0x65891 Libraries\FEHSD.o

.debug_str      0x00000000     0x4b82
 .debug_str     0x00000000      0xddf ..\sensormethods.o
                                0xe7f (size before relaxing)
 .debug_str     0x00000ddf      0x204 ..\motormethods.o
                                0x377 (size before relaxing)
 .debug_str     0x00000fe3       0x8f ..\main.o
                                0x1ac (size before relaxing)
 .debug_str     0x00001072      0x361 Startup\__arm_start.o
                                0xe8d (size before relaxing)
 .debug_str     0x000013d3       0x23 Startup\__arm_end.o
                                 0xe1 (size before relaxing)
 .debug_str     0x000013f6      0x1d6 Startup\kinetis_sysinit.o
                                0x38c (size before relaxing)
 .debug_str     0x000015cc       0x2f Libraries\FEHMotor.o
                                0x2ff (size before relaxing)
 .debug_str     0x000015fb      0x11a Drivers\i2c.o
                                0x228 (size before relaxing)
 .debug_str     0x00001715      0x18b Drivers\spi.o
                                0x3e1 (size before relaxing)
 .debug_str     0x000018a0      0x188 Drivers\uart.o
                                0x376 (size before relaxing)
 .debug_str     0x00001a28      0x6b5 Drivers\ff.o
                                0x879 (size before relaxing)
 .debug_str     0x000020dd      0x546 Drivers\SDHC.o
                                0x84f (size before relaxing)
 .debug_str     0x00002623       0x5a Drivers\lptmr.o
                                0x22f (size before relaxing)
 .debug_str     0x0000267d       0x28 FEHProteus.o
                                0x27b (size before relaxing)
 .debug_str     0x000026a5       0x25 Drivers\FEHPropeller.o
                                0x3bc (size before relaxing)
 .debug_str     0x000026ca       0xc0 Libraries\FEHUtility.o
                                0x200 (size before relaxing)
 .debug_str     0x0000278a      0xdf2 Libraries\FEHIO.o
                               0x12d1 (size before relaxing)
 .debug_str     0x0000357c       0xd7 Drivers\adc16.o
                                0x2c0 (size before relaxing)
 .debug_str     0x00003653      0x1ba Libraries\FEHBuzzer.o
                                0x3d2 (size before relaxing)
 .debug_str     0x0000380d      0x471 Libraries\FEHLCD.o
                               0x1133 (size before relaxing)
 .debug_str     0x00003c7e       0x68 Libraries\FEHAccel.o
                                0x1c4 (size before relaxing)
 .debug_str     0x00003ce6       0x5d Libraries\FEHBattery.o
                                0x385 (size before relaxing)
 .debug_str     0x00003d43      0x1f6 Drivers\FEHXBee.o
                                0x56b (size before relaxing)
 .debug_str     0x00003f39      0x33f Libraries\FEHRPS.o
                               0x1509 (size before relaxing)
 .debug_str     0x00004278       0x75 Libraries\FEHSD.o
                                0xf50 (size before relaxing)
 .debug_str     0x000042ed       0xbd C:\fehqt\Proteus/EWL/lib/armv7e-m\libc.a(exit.o)
                                0x14e (size before relaxing)
 .debug_str     0x000043aa       0x1c C:\fehqt\Proteus/EWL/lib/armv7e-m\libc.a(memset.o)
                                0x140 (size before relaxing)
 .debug_str     0x000043c6       0x24 C:\fehqt\Proteus/EWL/lib/armv7e-m\libc.a(strlen.o)
                                0x140 (size before relaxing)
 .debug_str     0x000043ea      0x21a C:\fehqt\Proteus/EWL/lib/armv7e-m\libc.a(printformat_.o)
                                0x3aa (size before relaxing)
 .debug_str     0x00004604      0x17b C:\fehqt\Proteus/EWL/lib/armv7e-m\libc.a(scanformat_.o)
                                0x3f0 (size before relaxing)
 .debug_str     0x0000477f       0x9d C:\fehqt\Proteus/EWL/lib/armv7e-m\libc.a(ctype_aeabi.o)
                                0x1b3 (size before relaxing)
 .debug_str     0x0000481c       0x55 C:\fehqt\Proteus/EWL/lib/armv7e-m\libc.a(__strtoul.o)
                                0x1f2 (size before relaxing)
 .debug_str     0x00004871       0x25 C:\fehqt\Proteus/EWL/lib/armv7e-m\libc.a(__filll_mem.o)
                                0x152 (size before relaxing)
 .debug_str     0x00004896       0x1c C:\fehqt\Proteus/EWL/lib/armv7e-m\libc.a(memchr.o)
                                0x148 (size before relaxing)
 .debug_str     0x000048b2       0x1c C:\fehqt\Proteus/EWL/lib/armv7e-m\libc.a(strchr.o)
                                0x137 (size before relaxing)
 .debug_str     0x000048ce      0x126 C:\fehqt\Proteus/EWL/lib/armv7e-m\librt.a(gcc_ctor_dtor.o)
                                0x185 (size before relaxing)
 .debug_str     0x000049f4       0x9b C:\fehqt\Proteus/EWL/lib/armv7e-m\librt.a(ROMCopy.o)
                                0x140 (size before relaxing)
 .debug_str     0x00004a8f       0xf3 C:\fehqt\Proteus/EWL/lib/armv7e-m\librt.a(__arm_eabi_init.o)
                                0x1ac (size before relaxing)

.comment        0x00000000       0x79
 .comment       0x00000000       0x79 ..\sensormethods.o
                                 0x7a (size before relaxing)
 .comment       0x00000000       0x7a ..\motormethods.o
 .comment       0x00000000       0x7a ..\main.o
 .comment       0x00000000       0x7a Startup\__arm_start.o
 .comment       0x00000000       0x7a Startup\__arm_end.o
 .comment       0x00000000       0x7a Startup\kinetis_sysinit.o
 .comment       0x00000000       0x7a Libraries\FEHMotor.o
 .comment       0x00000000       0x7a Drivers\i2c.o
 .comment       0x00000000       0x7a Drivers\spi.o
 .comment       0x00000000       0x7a Drivers\uart.o
 .comment       0x00000000       0x7a Drivers\ff.o
 .comment       0x00000000       0x7a Drivers\SDHC.o
 .comment       0x00000000       0x7a Drivers\lptmr.o
 .comment       0x00000000       0x7a FEHProteus.o
 .comment       0x00000000       0x7a Drivers\FEHPropeller.o
 .comment       0x00000000       0x7a Libraries\FEHUtility.o
 .comment       0x00000000       0x7a Libraries\FEHIO.o
 .comment       0x00000000       0x7a Drivers\adc16.o
 .comment       0x00000000       0x7a Libraries\FEHBuzzer.o
 .comment       0x00000000       0x7a Libraries\FEHLCD.o
 .comment       0x00000000       0x7a Libraries\FEHAccel.o
 .comment       0x00000000       0x7a Libraries\FEHBattery.o
 .comment       0x00000000       0x7a Drivers\FEHXBee.o
 .comment       0x00000000       0x7a Libraries\FEHRPS.o
 .comment       0x00000000       0x7a Libraries\FEHSD.o
 .comment       0x00000000       0x7a C:\fehqt\Proteus/EWL/lib/armv7e-m\libc.a(exit.o)
 .comment       0x00000000       0x7a C:\fehqt\Proteus/EWL/lib/armv7e-m\libc.a(memset.o)
 .comment       0x00000000       0x7a C:\fehqt\Proteus/EWL/lib/armv7e-m\libc.a(strlen.o)
 .comment       0x00000000       0x7a C:\fehqt\Proteus/EWL/lib/armv7e-m\libc.a(printformat_.o)
 .comment       0x00000000       0x7a C:\fehqt\Proteus/EWL/lib/armv7e-m\libc.a(scanformat_.o)
 .comment       0x00000000       0x7a C:\fehqt\Proteus/EWL/lib/armv7e-m\libc.a(ctype_aeabi.o)
 .comment       0x00000000       0x7a C:\fehqt\Proteus/EWL/lib/armv7e-m\libc.a(__strtoul.o)
 .comment       0x00000000       0x7a C:\fehqt\Proteus/EWL/lib/armv7e-m\libc.a(__filll_mem.o)
 .comment       0x00000000       0x7a C:\fehqt\Proteus/EWL/lib/armv7e-m\libc.a(memchr.o)
 .comment       0x00000000       0x7a C:\fehqt\Proteus/EWL/lib/armv7e-m\libc.a(strchr.o)
 .comment       0x00000000       0x7a C:\fehqt\Proteus/EWL/lib/armv7e-m\librt.a(gcc_ctor_dtor.o)
 .comment       0x00000000       0x7a C:\fehqt\Proteus/EWL/lib/armv7e-m\librt.a(ROMCopy.o)
 .comment       0x00000000       0x7a C:\fehqt\Proteus/EWL/lib/armv7e-m\librt.a(__arm_eabi_init.o)

.debug_frame    0x00000000     0x29d4
 .debug_frame   0x00000000       0xd0 ..\sensormethods.o
 .debug_frame   0x000000d0      0x118 ..\motormethods.o
 .debug_frame   0x000001e8       0x2c ..\main.o
 .debug_frame   0x00000214       0x98 Startup\__arm_start.o
 .debug_frame   0x000002ac       0x2c Startup\__arm_end.o
 .debug_frame   0x000002d8       0x5c Startup\kinetis_sysinit.o
 .debug_frame   0x00000334       0x94 Libraries\FEHMotor.o
 .debug_frame   0x000003c8       0x88 Drivers\i2c.o
 .debug_frame   0x00000450       0xf8 Drivers\spi.o
 .debug_frame   0x00000548       0x84 Drivers\uart.o
 .debug_frame   0x000005cc      0x5e8 Drivers\ff.o
 .debug_frame   0x00000bb4      0x1e8 Drivers\SDHC.o
 .debug_frame   0x00000d9c       0x2c Drivers\lptmr.o
 .debug_frame   0x00000dc8       0x4c FEHProteus.o
 .debug_frame   0x00000e14       0xa8 Drivers\FEHPropeller.o
 .debug_frame   0x00000ebc       0xf8 Libraries\FEHUtility.o
 .debug_frame   0x00000fb4      0x4e8 Libraries\FEHIO.o
 .debug_frame   0x0000149c       0x64 Drivers\adc16.o
 .debug_frame   0x00001500      0x1c8 Libraries\FEHBuzzer.o
 .debug_frame   0x000016c8      0x9c0 Libraries\FEHLCD.o
 .debug_frame   0x00002088       0xd8 Libraries\FEHAccel.o
 .debug_frame   0x00002160       0x8c Libraries\FEHBattery.o
 .debug_frame   0x000021ec       0xfc Drivers\FEHXBee.o
 .debug_frame   0x000022e8      0x210 Libraries\FEHRPS.o
 .debug_frame   0x000024f8       0xf0 Libraries\FEHSD.o
 .debug_frame   0x000025e8       0x28 C:\fehqt\Proteus/EWL/lib/armv7e-m\libc.a(exit.o)
 .debug_frame   0x00002610       0x28 C:\fehqt\Proteus/EWL/lib/armv7e-m\libc.a(memset.o)
 .debug_frame   0x00002638       0x20 C:\fehqt\Proteus/EWL/lib/armv7e-m\libc.a(strlen.o)
 .debug_frame   0x00002658       0x64 C:\fehqt\Proteus/EWL/lib/armv7e-m\libc.a(printformat_.o)
 .debug_frame   0x000026bc       0x3c C:\fehqt\Proteus/EWL/lib/armv7e-m\libc.a(scanformat_.o)
 .debug_frame   0x000026f8       0xf0 C:\fehqt\Proteus/EWL/lib/armv7e-m\libc.a(ctype_aeabi.o)
 .debug_frame   0x000027e8       0x3c C:\fehqt\Proteus/EWL/lib/armv7e-m\libc.a(__strtoul.o)
 .debug_frame   0x00002824       0x2c C:\fehqt\Proteus/EWL/lib/armv7e-m\libc.a(__filll_mem.o)
 .debug_frame   0x00002850       0x28 C:\fehqt\Proteus/EWL/lib/armv7e-m\libc.a(memchr.o)
 .debug_frame   0x00002878       0x20 C:\fehqt\Proteus/EWL/lib/armv7e-m\libc.a(strchr.o)
 .debug_frame   0x00002898       0x48 C:\fehqt\Proteus/EWL/lib/armv7e-m\librt.a(gcc_ctor_dtor.o)
 .debug_frame   0x000028e0       0x48 C:\fehqt\Proteus/EWL/lib/armv7e-m\librt.a(ROMCopy.o)
 .debug_frame   0x00002928       0xac C:\fehqt\Proteus/EWL/lib/armv7e-m\librt.a(__arm_eabi_init.o)
